#-----------------------------------------------------------
# Vivado v2018.2 (64-bit)
# SW Build 2258646 on Thu Jun 14 20:03:12 MDT 2018
# IP Build 2256618 on Thu Jun 14 22:10:49 MDT 2018
# Start of session at: Tue May  7 09:08:46 2019
# Process ID: 86112
# Current directory: D:/Documents HDD/School/Cmpe 125/Cmpe 125 Projects/SafeProject
# Command line: vivado.exe -gui_launcher_event rodinguilauncherevent107632 D:\Documents HDD\School\Cmpe 125\Cmpe 125 Projects\SafeProject\SafeProject.xpr
# Log file: D:/Documents HDD/School/Cmpe 125/Cmpe 125 Projects/SafeProject/vivado.log
# Journal file: D:/Documents HDD/School/Cmpe 125/Cmpe 125 Projects/SafeProject\vivado.jou
#-----------------------------------------------------------
start_gui
open_project {D:/Documents HDD/School/Cmpe 125/Cmpe 125 Projects/SafeProject/SafeProject.xpr}
update_compile_order -fileset sources_1
launch_simulation
source Full_Calc_tb.tcl
run 1 us
run 10 us
run 10 us
run 10 us
reset_run synth_1
launch_runs impl_1 -to_step write_bitstream -jobs 6
wait_on_run impl_1
open_hw
connect_hw_server
open_hw_target
set_property PROGRAM.FILE {D:/Documents HDD/School/Cmpe 125/Cmpe 125 Projects/SafeProject/SafeProject.runs/impl_1/Full_Calc_FPGA.bit} [get_hw_devices xc7a35t_0]
current_hw_device [get_hw_devices xc7a35t_0]
refresh_hw_device -update_hw_probes false [lindex [get_hw_devices xc7a35t_0] 0]
set_property PROBES.FILE {} [get_hw_devices xc7a35t_0]
set_property FULL_PROBES.FILE {} [get_hw_devices xc7a35t_0]
set_property PROGRAM.FILE {D:/Documents HDD/School/Cmpe 125/Cmpe 125 Projects/SafeProject/SafeProject.runs/impl_1/Full_Calc_FPGA.bit} [get_hw_devices xc7a35t_0]
program_hw_devices [get_hw_devices xc7a35t_0]
refresh_hw_device [lindex [get_hw_devices xc7a35t_0] 0]
close_hw
close_sim
close_project
open_project {D:/Documents HDD/School/Cmpe 125/Cmpe 125 Projects/Full_Calc/Full_Calc.xpr}
update_compile_order -fileset sources_1
launch_simulation
source Full_Calc_tb.tcl
run 10 us
run 10 us
relaunch_sim
relaunch_sim
relaunch_sim
relaunch_sim
relaunch_sim
relaunch_sim
relaunch_sim
close_sim
launch_simulation
source Full_Calc_tb.tcl
relaunch_sim
relaunch_sim
relaunch_sim
run 10 us
run 10 us
run 10 us
run 10 us
relaunch_sim
relaunch_sim
relaunch_sim
relaunch_sim
relaunch_sim
relaunch_sim
relaunch_sim
reset_run synth_1
launch_runs impl_1 -to_step write_bitstream -jobs 6
wait_on_run impl_1
open_hw
connect_hw_server
open_hw_target
set_property PROGRAM.FILE {D:/Documents HDD/School/Cmpe 125/Cmpe 125 Projects/Full_Calc/Full_Calc.runs/impl_1/Full_Calc_FPGA.bit} [get_hw_devices xc7a35t_0]
current_hw_device [get_hw_devices xc7a35t_0]
refresh_hw_device -update_hw_probes false [lindex [get_hw_devices xc7a35t_0] 0]
set_property PROBES.FILE {} [get_hw_devices xc7a35t_0]
set_property FULL_PROBES.FILE {} [get_hw_devices xc7a35t_0]
set_property PROGRAM.FILE {D:/Documents HDD/School/Cmpe 125/Cmpe 125 Projects/Full_Calc/Full_Calc.runs/impl_1/Full_Calc_FPGA.bit} [get_hw_devices xc7a35t_0]
program_hw_devices [get_hw_devices xc7a35t_0]
refresh_hw_device [lindex [get_hw_devices xc7a35t_0] 0]
close_hw
relaunch_sim
